Archive member included to satisfy reference by file (symbol)

/usr/lib/gcc/arm-none-eabi/10.3.1/libgcc.a(_udivsi3.o)
                              build/stdio.o (__aeabi_uidiv)
/usr/lib/gcc/arm-none-eabi/10.3.1/libgcc.a(_dvmd_tls.o)
                              /usr/lib/gcc/arm-none-eabi/10.3.1/libgcc.a(_udivsi3.o) (__aeabi_idiv0)

Memory Configuration

Name             Origin             Length             Attributes
*default*        0x0000000000000000 0xffffffffffffffff

Linker script and memory map

LOAD build/Entry.os
LOAD build/Handler.o
LOAD build/main.o
LOAD build/Interrupt.o
LOAD build/Regs.o
LOAD build/Timer.o
LOAD build/Uart.o
LOAD build/armcpu.o
LOAD build/stdio.o
LOAD build/stdlib.o
LOAD build/event.o
LOAD build/kernel.o
LOAD build/msg.o
LOAD build/synch.o
LOAD build/task.o
LOAD /usr/lib/gcc/arm-none-eabi/10.3.1/libgcc.a
                0x0000000000000000                . = 0x0

.text           0x0000000000000000     0x23c0
 *(vector_start)
 *(.text .rodata)
 .text          0x0000000000000000       0xd4 build/Entry.os
                0x0000000000000000                vector_start
                0x000000000000003c                vector_end
 .text          0x00000000000000d4       0x24 build/Handler.o
                0x00000000000000d4                Irq_Handler
                0x00000000000000f0                Fiq_Handler
 .text          0x00000000000000f8      0x548 build/main.o
                0x00000000000000f8                main
                0x00000000000003c4                User_task0
                0x000000000000052c                User_task1
                0x0000000000000604                User_task2
 .rodata        0x0000000000000640      0x1a9 build/main.o
 *fill*         0x00000000000007e9        0x3 
 .text          0x00000000000007ec      0x2f8 build/Interrupt.o
                0x00000000000007ec                Hal_interrupt_init
                0x0000000000000888                Hal_interrupt_enable
                0x0000000000000954                Hal_interrupt_disable
                0x0000000000000a28                Hal_interrupt_register_handler
                0x0000000000000a60                Hal_interrupt_run_handler
 .text          0x0000000000000ae4        0x0 build/Regs.o
 .text          0x0000000000000ae4      0x210 build/Timer.o
                0x0000000000000ae4                Hal_timer_init
                0x0000000000000cd0                Hal_timer_get_1ms_counter
 .text          0x0000000000000cf4      0x1fc build/Uart.o
                0x0000000000000d6c                Hal_uart_init
                0x0000000000000e0c                Hal_uart_put_char
                0x0000000000000e68                Hal_uart_get_char
 .text          0x0000000000000ef0       0xb0 build/armcpu.o
                0x0000000000000ef0                enable_irq
                0x0000000000000f1c                enable_fiq
                0x0000000000000f48                disable_irq
                0x0000000000000f74                disable_fiq
 .text          0x0000000000000fa0      0x444 build/stdio.o
                0x0000000000000fa0                putstr
                0x0000000000001000                debug_printf
                0x0000000000001050                vsprintf
                0x00000000000012d0                utoa
 .rodata        0x00000000000013e4        0x7 build/stdio.o
 *fill*         0x00000000000013eb        0x1 
 .text          0x00000000000013ec       0xa8 build/stdlib.o
                0x00000000000013ec                delay
                0x0000000000001438                memclr
 .text          0x0000000000001494       0xf8 build/event.o
                0x0000000000001494                Kernel_event_flag_init
                0x00000000000014bc                Kernel_event_flag_set
                0x00000000000014fc                Kernel_event_flag_clear
                0x0000000000001540                Kernel_event_flag_check
 .text          0x000000000000158c      0x388 build/kernel.o
                0x000000000000158c                Kernel_yield
                0x00000000000015a0                Kernel_start
                0x00000000000015b4                Kernel_send_events
                0x000000000000163c                Kernel_wait_events
                0x00000000000016d8                Kernel_send_msg
                0x00000000000017b0                Kernel_recv_msg
                0x0000000000001844                Kernel_lock_sem
                0x0000000000001878                Kernel_unlock_sem
                0x000000000000188c                Kernel_lock_mutex
                0x00000000000018d4                Kernel_unlock_mutex
 .text          0x0000000000001914      0x41c build/msg.o
                0x0000000000001914                Kernel_msgQ_init
                0x00000000000019c0                Kernel_msgQ_is_empty
                0x0000000000001a48                Kernel_msgQ_is_full
                0x0000000000001ad8                Kernel_msgQ_enqueue
                0x0000000000001c10                Kernel_msgQ_dequeue
 .text          0x0000000000001d30      0x224 build/synch.o
                0x0000000000001d30                Kernel_sem_init
                0x0000000000001da8                Kernel_sem_test
                0x0000000000001dfc                Kernel_sem_release
                0x0000000000001e68                Kernel_mutex_init
                0x0000000000001ea0                Kernel_mutex_lock
                0x0000000000001f00                Kernel_mutex_unlock
 .text          0x0000000000001f54      0x338 build/task.o
                0x0000000000001f54                Kernel_task_init
                0x0000000000002060                Kernel_task_create
                0x0000000000002108                Kernel_task_context_switching
                0x00000000000021d4                Kernel_task_start
                0x0000000000002210                Kernel_task_Scheduler
                0x0000000000002260                Kernel_task_get_current_task_id
 .rodata        0x000000000000228c       0x19 build/task.o
 *fill*         0x00000000000022a5        0x3 
 .text          0x00000000000022a8      0x114 /usr/lib/gcc/arm-none-eabi/10.3.1/libgcc.a(_udivsi3.o)
                0x00000000000022a8                __udivsi3
                0x00000000000022a8                __aeabi_uidiv
                0x000000000000239c                __aeabi_uidivmod
 .text          0x00000000000023bc        0x4 /usr/lib/gcc/arm-none-eabi/10.3.1/libgcc.a(_dvmd_tls.o)
                0x00000000000023bc                __aeabi_ldiv0
                0x00000000000023bc                __aeabi_idiv0

.glue_7         0x00000000000023c0        0x0
 .glue_7        0x00000000000023c0        0x0 linker stubs

.glue_7t        0x00000000000023c0        0x0
 .glue_7t       0x00000000000023c0        0x0 linker stubs

.vfp11_veneer   0x00000000000023c0        0x0
 .vfp11_veneer  0x00000000000023c0        0x0 linker stubs

.v4_bx          0x00000000000023c0        0x0
 .v4_bx         0x00000000000023c0        0x0 linker stubs

.iplt           0x00000000000023c0        0x0
 .iplt          0x00000000000023c0        0x0 build/Entry.os

.rel.dyn        0x00000000000023c0        0x0
 .rel.iplt      0x00000000000023c0        0x0 build/Entry.os

.data           0x00000000000023c0       0x10
 *(.data)
 .data          0x00000000000023c0        0x0 build/Entry.os
 .data          0x00000000000023c0        0x0 build/Handler.o
 .data          0x00000000000023c0        0x0 build/main.o
 .data          0x00000000000023c0        0x0 build/Interrupt.o
 .data          0x00000000000023c0       0x10 build/Regs.o
                0x00000000000023c0                Uart
                0x00000000000023c4                GicCpu
                0x00000000000023c8                GicDist
                0x00000000000023cc                Timer
 .data          0x00000000000023d0        0x0 build/Timer.o
 .data          0x00000000000023d0        0x0 build/Uart.o
 .data          0x00000000000023d0        0x0 build/armcpu.o
 .data          0x00000000000023d0        0x0 build/stdio.o
 .data          0x00000000000023d0        0x0 build/stdlib.o
 .data          0x00000000000023d0        0x0 build/event.o
 .data          0x00000000000023d0        0x0 build/kernel.o
 .data          0x00000000000023d0        0x0 build/msg.o
 .data          0x00000000000023d0        0x0 build/synch.o
 .data          0x00000000000023d0        0x0 build/task.o
 .data          0x00000000000023d0        0x0 /usr/lib/gcc/arm-none-eabi/10.3.1/libgcc.a(_udivsi3.o)
 .data          0x00000000000023d0        0x0 /usr/lib/gcc/arm-none-eabi/10.3.1/libgcc.a(_dvmd_tls.o)

.igot.plt       0x00000000000023d0        0x0
 .igot.plt      0x00000000000023d0        0x0 build/Entry.os

.bss            0x00000000000023d0     0x1040
 *(.bss)
 .bss           0x00000000000023d0        0x0 build/Entry.os
 .bss           0x00000000000023d0        0x0 build/Handler.o
 .bss           0x00000000000023d0        0x4 build/main.o
 .bss           0x00000000000023d4      0x3fc build/Interrupt.o
 .bss           0x00000000000027d0        0x0 build/Regs.o
 .bss           0x00000000000027d0        0x4 build/Timer.o
 .bss           0x00000000000027d4        0x0 build/Uart.o
 .bss           0x00000000000027d4        0x0 build/armcpu.o
 .bss           0x00000000000027d4      0x400 build/stdio.o
 .bss           0x0000000000002bd4        0x0 build/stdlib.o
 .bss           0x0000000000002bd4        0x4 build/event.o
 .bss           0x0000000000002bd8        0x0 build/kernel.o
 .bss           0x0000000000002bd8      0x618 build/msg.o
 .bss           0x00000000000031f0       0x10 build/synch.o
 .bss           0x0000000000003200      0x210 build/task.o
 .bss           0x0000000000003410        0x0 /usr/lib/gcc/arm-none-eabi/10.3.1/libgcc.a(_udivsi3.o)
 .bss           0x0000000000003410        0x0 /usr/lib/gcc/arm-none-eabi/10.3.1/libgcc.a(_dvmd_tls.o)
OUTPUT(build/navilos.axf elf32-littlearm)
LOAD linker stubs

.ARM.attributes
                0x0000000000000000       0x2b
 .ARM.attributes
                0x0000000000000000       0x1d build/Entry.os
 .ARM.attributes
                0x000000000000001d       0x2f build/Handler.o
 .ARM.attributes
                0x000000000000004c       0x2f build/main.o
 .ARM.attributes
                0x000000000000007b       0x2f build/Interrupt.o
 .ARM.attributes
                0x00000000000000aa       0x2f build/Regs.o
 .ARM.attributes
                0x00000000000000d9       0x2f build/Timer.o
 .ARM.attributes
                0x0000000000000108       0x2f build/Uart.o
 .ARM.attributes
                0x0000000000000137       0x2f build/armcpu.o
 .ARM.attributes
                0x0000000000000166       0x2f build/stdio.o
 .ARM.attributes
                0x0000000000000195       0x2f build/stdlib.o
 .ARM.attributes
                0x00000000000001c4       0x2f build/event.o
 .ARM.attributes
                0x00000000000001f3       0x2f build/kernel.o
 .ARM.attributes
                0x0000000000000222       0x2f build/msg.o
 .ARM.attributes
                0x0000000000000251       0x2f build/synch.o
 .ARM.attributes
                0x0000000000000280       0x2f build/task.o
 .ARM.attributes
                0x00000000000002af       0x1c /usr/lib/gcc/arm-none-eabi/10.3.1/libgcc.a(_udivsi3.o)
 .ARM.attributes
                0x00000000000002cb       0x1c /usr/lib/gcc/arm-none-eabi/10.3.1/libgcc.a(_dvmd_tls.o)

.comment        0x0000000000000000       0x33
 .comment       0x0000000000000000       0x33 build/Handler.o
                                         0x34 (size before relaxing)
 .comment       0x0000000000000033       0x34 build/main.o
 .comment       0x0000000000000033       0x34 build/Interrupt.o
 .comment       0x0000000000000033       0x34 build/Regs.o
 .comment       0x0000000000000033       0x34 build/Timer.o
 .comment       0x0000000000000033       0x34 build/Uart.o
 .comment       0x0000000000000033       0x34 build/armcpu.o
 .comment       0x0000000000000033       0x34 build/stdio.o
 .comment       0x0000000000000033       0x34 build/stdlib.o
 .comment       0x0000000000000033       0x34 build/event.o
 .comment       0x0000000000000033       0x34 build/kernel.o
 .comment       0x0000000000000033       0x34 build/msg.o
 .comment       0x0000000000000033       0x34 build/synch.o
 .comment       0x0000000000000033       0x34 build/task.o

.debug_line     0x0000000000000000      0xea1
 .debug_line    0x0000000000000000       0x6d build/Entry.os
 .debug_line    0x000000000000006d       0x4c build/Handler.o
 .debug_line    0x00000000000000b9      0x1b8 build/main.o
 .debug_line    0x0000000000000271      0x11e build/Interrupt.o
 .debug_line    0x000000000000038f       0x68 build/Regs.o
 .debug_line    0x00000000000003f7       0xdc build/Timer.o
 .debug_line    0x00000000000004d3      0x11d build/Uart.o
 .debug_line    0x00000000000005f0       0x67 build/armcpu.o
 .debug_line    0x0000000000000657      0x17e build/stdio.o
 .debug_line    0x00000000000007d5       0x80 build/stdlib.o
 .debug_line    0x0000000000000855       0x89 build/event.o
 .debug_line    0x00000000000008de      0x1a2 build/kernel.o
 .debug_line    0x0000000000000a80      0x120 build/msg.o
 .debug_line    0x0000000000000ba0       0xe5 build/synch.o
 .debug_line    0x0000000000000c85      0x151 build/task.o
 .debug_line    0x0000000000000dd6       0x74 /usr/lib/gcc/arm-none-eabi/10.3.1/libgcc.a(_udivsi3.o)
 .debug_line    0x0000000000000e4a       0x57 /usr/lib/gcc/arm-none-eabi/10.3.1/libgcc.a(_dvmd_tls.o)

.debug_info     0x0000000000000000     0x3e92
 .debug_info    0x0000000000000000       0x26 build/Entry.os
 .debug_info    0x0000000000000026       0x82 build/Handler.o
 .debug_info    0x00000000000000a8      0x40c build/main.o
 .debug_info    0x00000000000004b4      0x691 build/Interrupt.o
 .debug_info    0x0000000000000b45     0x124d build/Regs.o
 .debug_info    0x0000000000001d92      0x2c6 build/Timer.o
 .debug_info    0x0000000000002058      0xd0b build/Uart.o
 .debug_info    0x0000000000002d63       0x6e build/armcpu.o
 .debug_info    0x0000000000002dd1      0x2ad build/stdio.o
 .debug_info    0x000000000000307e       0xf0 build/stdlib.o
 .debug_info    0x000000000000316e      0x228 build/event.o
 .debug_info    0x0000000000003396      0x42b build/kernel.o
 .debug_info    0x00000000000037c1      0x255 build/msg.o
 .debug_info    0x0000000000003a16      0x197 build/synch.o
 .debug_info    0x0000000000003bad      0x299 build/task.o
 .debug_info    0x0000000000003e46       0x26 /usr/lib/gcc/arm-none-eabi/10.3.1/libgcc.a(_udivsi3.o)
 .debug_info    0x0000000000003e6c       0x26 /usr/lib/gcc/arm-none-eabi/10.3.1/libgcc.a(_dvmd_tls.o)

.debug_abbrev   0x0000000000000000      0xf5e
 .debug_abbrev  0x0000000000000000       0x14 build/Entry.os
 .debug_abbrev  0x0000000000000014       0x5e build/Handler.o
 .debug_abbrev  0x0000000000000072      0x139 build/main.o
 .debug_abbrev  0x00000000000001ab      0x19c build/Interrupt.o
 .debug_abbrev  0x0000000000000347      0x11a build/Regs.o
 .debug_abbrev  0x0000000000000461      0x132 build/Timer.o
 .debug_abbrev  0x0000000000000593      0x1cb build/Uart.o
 .debug_abbrev  0x000000000000075e       0x2e build/armcpu.o
 .debug_abbrev  0x000000000000078c      0x131 build/stdio.o
 .debug_abbrev  0x00000000000008bd       0xc3 build/stdlib.o
 .debug_abbrev  0x0000000000000980       0xdf build/event.o
 .debug_abbrev  0x0000000000000a5f      0x110 build/kernel.o
 .debug_abbrev  0x0000000000000b6f      0x147 build/msg.o
 .debug_abbrev  0x0000000000000cb6       0xfc build/synch.o
 .debug_abbrev  0x0000000000000db2      0x184 build/task.o
 .debug_abbrev  0x0000000000000f36       0x14 /usr/lib/gcc/arm-none-eabi/10.3.1/libgcc.a(_udivsi3.o)
 .debug_abbrev  0x0000000000000f4a       0x14 /usr/lib/gcc/arm-none-eabi/10.3.1/libgcc.a(_dvmd_tls.o)

.debug_aranges  0x0000000000000000      0x218
 .debug_aranges
                0x0000000000000000       0x20 build/Entry.os
 .debug_aranges
                0x0000000000000020       0x20 build/Handler.o
 .debug_aranges
                0x0000000000000040       0x20 build/main.o
 .debug_aranges
                0x0000000000000060       0x20 build/Interrupt.o
 .debug_aranges
                0x0000000000000080       0x18 build/Regs.o
 .debug_aranges
                0x0000000000000098       0x20 build/Timer.o
 .debug_aranges
                0x00000000000000b8       0x20 build/Uart.o
 .debug_aranges
                0x00000000000000d8       0x20 build/armcpu.o
 .debug_aranges
                0x00000000000000f8       0x20 build/stdio.o
 .debug_aranges
                0x0000000000000118       0x20 build/stdlib.o
 .debug_aranges
                0x0000000000000138       0x20 build/event.o
 .debug_aranges
                0x0000000000000158       0x20 build/kernel.o
 .debug_aranges
                0x0000000000000178       0x20 build/msg.o
 .debug_aranges
                0x0000000000000198       0x20 build/synch.o
 .debug_aranges
                0x00000000000001b8       0x20 build/task.o
 .debug_aranges
                0x00000000000001d8       0x20 /usr/lib/gcc/arm-none-eabi/10.3.1/libgcc.a(_udivsi3.o)
 .debug_aranges
                0x00000000000001f8       0x20 /usr/lib/gcc/arm-none-eabi/10.3.1/libgcc.a(_dvmd_tls.o)

.debug_str      0x0000000000000000     0x12d1
 .debug_str     0x0000000000000000       0x37 build/Entry.os
 .debug_str     0x0000000000000037       0xed build/Handler.o
                                        0x124 (size before relaxing)
 .debug_str     0x0000000000000124      0x4c6 build/main.o
                                        0x5c8 (size before relaxing)
 .debug_str     0x00000000000005ea      0x2b3 build/Interrupt.o
                                        0x3c8 (size before relaxing)
 .debug_str     0x000000000000089d      0x3b4 build/Regs.o
                                        0x6b9 (size before relaxing)
 .debug_str     0x0000000000000c51       0x6e build/Timer.o
                                        0x26a (size before relaxing)
 .debug_str     0x0000000000000cbf       0x42 build/Uart.o
                                        0x825 (size before relaxing)
 .debug_str     0x0000000000000d01       0x3b build/armcpu.o
                                         0xcf (size before relaxing)
 .debug_str     0x0000000000000d3c       0x72 build/stdio.o
                                        0x192 (size before relaxing)
 .debug_str     0x0000000000000dae       0x25 build/stdlib.o
                                        0x133 (size before relaxing)
 .debug_str     0x0000000000000dd3       0xc8 build/event.o
                                        0x50d (size before relaxing)
 .debug_str     0x0000000000000e9b       0xfb build/kernel.o
                                        0x5f9 (size before relaxing)
 .debug_str     0x0000000000000f96       0x93 build/msg.o
                                        0x211 (size before relaxing)
 .debug_str     0x0000000000001029       0xa2 build/synch.o
                                        0x1bb (size before relaxing)
 .debug_str     0x00000000000010cb      0x179 build/task.o
                                        0x287 (size before relaxing)
 .debug_str     0x0000000000001244       0x8d /usr/lib/gcc/arm-none-eabi/10.3.1/libgcc.a(_udivsi3.o)
 .debug_str     0x00000000000012d1       0x8d /usr/lib/gcc/arm-none-eabi/10.3.1/libgcc.a(_dvmd_tls.o)

.debug_frame    0x0000000000000000      0x908
 .debug_frame   0x0000000000000000       0x50 build/Handler.o
 .debug_frame   0x0000000000000050      0x11c build/main.o
 .debug_frame   0x000000000000016c       0xb0 build/Interrupt.o
 .debug_frame   0x000000000000021c       0x70 build/Timer.o
 .debug_frame   0x000000000000028c       0x8c build/Uart.o
 .debug_frame   0x0000000000000318       0x90 build/armcpu.o
 .debug_frame   0x00000000000003a8       0xac build/stdio.o
 .debug_frame   0x0000000000000454       0x50 build/stdlib.o
 .debug_frame   0x00000000000004a4       0x90 build/event.o
 .debug_frame   0x0000000000000534      0x140 build/kernel.o
 .debug_frame   0x0000000000000674       0xb0 build/msg.o
 .debug_frame   0x0000000000000724       0xd0 build/synch.o
 .debug_frame   0x00000000000007f4       0xf4 build/task.o
 .debug_frame   0x00000000000008e8       0x20 /usr/lib/gcc/arm-none-eabi/10.3.1/libgcc.a(_udivsi3.o)

.debug_ranges   0x0000000000000000       0x18
 .debug_ranges  0x0000000000000000       0x18 build/kernel.o
