Archive member included to satisfy reference by file (symbol)

/usr/lib/gcc/arm-none-eabi/10.3.1/libgcc.a(_udivsi3.o)
                              build/stdio.o (__aeabi_uidiv)
/usr/lib/gcc/arm-none-eabi/10.3.1/libgcc.a(_dvmd_tls.o)
                              /usr/lib/gcc/arm-none-eabi/10.3.1/libgcc.a(_udivsi3.o) (__aeabi_idiv0)

Memory Configuration

Name             Origin             Length             Attributes
*default*        0x0000000000000000 0xffffffffffffffff

Linker script and memory map

LOAD build/Entry.os
LOAD build/Handler.o
LOAD build/main.o
LOAD build/Interrupt.o
LOAD build/Regs.o
LOAD build/Timer.o
LOAD build/Uart.o
LOAD build/armcpu.o
LOAD build/stdio.o
LOAD build/stdlib.o
LOAD build/kernel.o
LOAD build/task.o
LOAD /usr/lib/gcc/arm-none-eabi/10.3.1/libgcc.a
                0x0000000000000000                . = 0x0

.text           0x0000000000000000     0x15d0
 *(vector_start)
 *(.text .rodata)
 .text          0x0000000000000000       0xd4 build/Entry.os
                0x0000000000000000                vector_start
                0x000000000000003c                vector_end
 .text          0x00000000000000d4       0x24 build/Handler.o
                0x00000000000000d4                Irq_Handler
                0x00000000000000f0                Fiq_Handler
 .text          0x00000000000000f8      0x30c build/main.o
                0x00000000000000f8                main
                0x0000000000000340                User_task0
                0x00000000000003a8                User_task1
                0x00000000000003d8                User_task2
 .rodata        0x0000000000000404      0x155 build/main.o
 *fill*         0x0000000000000559        0x3 
 .text          0x000000000000055c      0x2f8 build/Interrupt.o
                0x000000000000055c                Hal_interrupt_init
                0x00000000000005f8                Hal_interrupt_enable
                0x00000000000006c4                Hal_interrupt_disable
                0x0000000000000798                Hal_interrupt_register_handler
                0x00000000000007d0                Hal_interrupt_run_handler
 .text          0x0000000000000854        0x0 build/Regs.o
 .text          0x0000000000000854      0x210 build/Timer.o
                0x0000000000000854                Hal_timer_init
                0x0000000000000a40                Hal_timer_get_1ms_counter
 .text          0x0000000000000a64      0x1b4 build/Uart.o
                0x0000000000000a94                Hal_uart_init
                0x0000000000000b34                Hal_uart_put_char
                0x0000000000000b90                Hal_uart_get_char
 .text          0x0000000000000c18       0xb0 build/armcpu.o
                0x0000000000000c18                enable_irq
                0x0000000000000c44                enable_fiq
                0x0000000000000c70                disable_irq
                0x0000000000000c9c                disable_fiq
 .text          0x0000000000000cc8      0x444 build/stdio.o
                0x0000000000000cc8                putstr
                0x0000000000000d28                debug_printf
                0x0000000000000d78                vsprintf
                0x0000000000000ff8                utoa
 .rodata        0x000000000000110c        0x7 build/stdio.o
 *fill*         0x0000000000001113        0x1 
 .text          0x0000000000001114       0x4c build/stdlib.o
                0x0000000000001114                delay
 .text          0x0000000000001160       0x28 build/kernel.o
                0x0000000000001160                Kernel_yield
                0x0000000000001174                Kernel_start
 .text          0x0000000000001188      0x314 build/task.o
                0x0000000000001188                Kernel_task_init
                0x0000000000001294                Kernel_task_create
                0x000000000000133c                Kernel_task_context_switching
                0x0000000000001408                Kernel_task_start
                0x0000000000001444                Kernel_task_Scheduler
 .rodata        0x000000000000149c       0x19 build/task.o
 *fill*         0x00000000000014b5        0x3 
 .text          0x00000000000014b8      0x114 /usr/lib/gcc/arm-none-eabi/10.3.1/libgcc.a(_udivsi3.o)
                0x00000000000014b8                __udivsi3
                0x00000000000014b8                __aeabi_uidiv
                0x00000000000015ac                __aeabi_uidivmod
 .text          0x00000000000015cc        0x4 /usr/lib/gcc/arm-none-eabi/10.3.1/libgcc.a(_dvmd_tls.o)
                0x00000000000015cc                __aeabi_ldiv0
                0x00000000000015cc                __aeabi_idiv0

.glue_7         0x00000000000015d0        0x0
 .glue_7        0x00000000000015d0        0x0 linker stubs

.glue_7t        0x00000000000015d0        0x0
 .glue_7t       0x00000000000015d0        0x0 linker stubs

.vfp11_veneer   0x00000000000015d0        0x0
 .vfp11_veneer  0x00000000000015d0        0x0 linker stubs

.v4_bx          0x00000000000015d0        0x0
 .v4_bx         0x00000000000015d0        0x0 linker stubs

.iplt           0x00000000000015d0        0x0
 .iplt          0x00000000000015d0        0x0 build/Entry.os

.rel.dyn        0x00000000000015d0        0x0
 .rel.iplt      0x00000000000015d0        0x0 build/Entry.os

.data           0x00000000000015d0       0x10
 *(.data)
 .data          0x00000000000015d0        0x0 build/Entry.os
 .data          0x00000000000015d0        0x0 build/Handler.o
 .data          0x00000000000015d0        0x0 build/main.o
 .data          0x00000000000015d0        0x0 build/Interrupt.o
 .data          0x00000000000015d0       0x10 build/Regs.o
                0x00000000000015d0                Uart
                0x00000000000015d4                GicCpu
                0x00000000000015d8                GicDist
                0x00000000000015dc                Timer
 .data          0x00000000000015e0        0x0 build/Timer.o
 .data          0x00000000000015e0        0x0 build/Uart.o
 .data          0x00000000000015e0        0x0 build/armcpu.o
 .data          0x00000000000015e0        0x0 build/stdio.o
 .data          0x00000000000015e0        0x0 build/stdlib.o
 .data          0x00000000000015e0        0x0 build/kernel.o
 .data          0x00000000000015e0        0x0 build/task.o
 .data          0x00000000000015e0        0x0 /usr/lib/gcc/arm-none-eabi/10.3.1/libgcc.a(_udivsi3.o)
 .data          0x00000000000015e0        0x0 /usr/lib/gcc/arm-none-eabi/10.3.1/libgcc.a(_dvmd_tls.o)

.igot.plt       0x00000000000015e0        0x0
 .igot.plt      0x00000000000015e0        0x0 build/Entry.os

.bss            0x00000000000015e0      0xa10
 *(.bss)
 .bss           0x00000000000015e0        0x0 build/Entry.os
 .bss           0x00000000000015e0        0x0 build/Handler.o
 .bss           0x00000000000015e0        0x0 build/main.o
 .bss           0x00000000000015e0      0x3fc build/Interrupt.o
 .bss           0x00000000000019dc        0x0 build/Regs.o
 .bss           0x00000000000019dc        0x4 build/Timer.o
 .bss           0x00000000000019e0        0x0 build/Uart.o
 .bss           0x00000000000019e0        0x0 build/armcpu.o
 .bss           0x00000000000019e0      0x400 build/stdio.o
 .bss           0x0000000000001de0        0x0 build/stdlib.o
 .bss           0x0000000000001de0        0x0 build/kernel.o
 .bss           0x0000000000001de0      0x210 build/task.o
 .bss           0x0000000000001ff0        0x0 /usr/lib/gcc/arm-none-eabi/10.3.1/libgcc.a(_udivsi3.o)
 .bss           0x0000000000001ff0        0x0 /usr/lib/gcc/arm-none-eabi/10.3.1/libgcc.a(_dvmd_tls.o)
OUTPUT(build/navilos.axf elf32-littlearm)
LOAD linker stubs

.ARM.attributes
                0x0000000000000000       0x2b
 .ARM.attributes
                0x0000000000000000       0x1d build/Entry.os
 .ARM.attributes
                0x000000000000001d       0x2f build/Handler.o
 .ARM.attributes
                0x000000000000004c       0x2f build/main.o
 .ARM.attributes
                0x000000000000007b       0x2f build/Interrupt.o
 .ARM.attributes
                0x00000000000000aa       0x2f build/Regs.o
 .ARM.attributes
                0x00000000000000d9       0x2f build/Timer.o
 .ARM.attributes
                0x0000000000000108       0x2f build/Uart.o
 .ARM.attributes
                0x0000000000000137       0x2f build/armcpu.o
 .ARM.attributes
                0x0000000000000166       0x2f build/stdio.o
 .ARM.attributes
                0x0000000000000195       0x2f build/stdlib.o
 .ARM.attributes
                0x00000000000001c4       0x2f build/kernel.o
 .ARM.attributes
                0x00000000000001f3       0x2f build/task.o
 .ARM.attributes
                0x0000000000000222       0x1c /usr/lib/gcc/arm-none-eabi/10.3.1/libgcc.a(_udivsi3.o)
 .ARM.attributes
                0x000000000000023e       0x1c /usr/lib/gcc/arm-none-eabi/10.3.1/libgcc.a(_dvmd_tls.o)

.comment        0x0000000000000000       0x33
 .comment       0x0000000000000000       0x33 build/Handler.o
                                         0x34 (size before relaxing)
 .comment       0x0000000000000033       0x34 build/main.o
 .comment       0x0000000000000033       0x34 build/Interrupt.o
 .comment       0x0000000000000033       0x34 build/Regs.o
 .comment       0x0000000000000033       0x34 build/Timer.o
 .comment       0x0000000000000033       0x34 build/Uart.o
 .comment       0x0000000000000033       0x34 build/armcpu.o
 .comment       0x0000000000000033       0x34 build/stdio.o
 .comment       0x0000000000000033       0x34 build/stdlib.o
 .comment       0x0000000000000033       0x34 build/kernel.o
 .comment       0x0000000000000033       0x34 build/task.o

.debug_line     0x0000000000000000      0x9dd
 .debug_line    0x0000000000000000       0x6d build/Entry.os
 .debug_line    0x000000000000006d       0x4c build/Handler.o
 .debug_line    0x00000000000000b9      0x12d build/main.o
 .debug_line    0x00000000000001e6      0x11e build/Interrupt.o
 .debug_line    0x0000000000000304       0x68 build/Regs.o
 .debug_line    0x000000000000036c       0xdc build/Timer.o
 .debug_line    0x0000000000000448       0xe7 build/Uart.o
 .debug_line    0x000000000000052f       0x67 build/armcpu.o
 .debug_line    0x0000000000000596      0x17e build/stdio.o
 .debug_line    0x0000000000000714       0x6a build/stdlib.o
 .debug_line    0x000000000000077e       0x4c build/kernel.o
 .debug_line    0x00000000000007ca      0x148 build/task.o
 .debug_line    0x0000000000000912       0x74 /usr/lib/gcc/arm-none-eabi/10.3.1/libgcc.a(_udivsi3.o)
 .debug_line    0x0000000000000986       0x57 /usr/lib/gcc/arm-none-eabi/10.3.1/libgcc.a(_dvmd_tls.o)

.debug_info     0x0000000000000000     0x30fe
 .debug_info    0x0000000000000000       0x26 build/Entry.os
 .debug_info    0x0000000000000026       0x82 build/Handler.o
 .debug_info    0x00000000000000a8      0x1e4 build/main.o
 .debug_info    0x000000000000028c      0x691 build/Interrupt.o
 .debug_info    0x000000000000091d     0x124d build/Regs.o
 .debug_info    0x0000000000001b6a      0x2c6 build/Timer.o
 .debug_info    0x0000000000001e30      0xbc8 build/Uart.o
 .debug_info    0x00000000000029f8       0x6e build/armcpu.o
 .debug_info    0x0000000000002a66      0x2ad build/stdio.o
 .debug_info    0x0000000000002d13       0x9a build/stdlib.o
 .debug_info    0x0000000000002dad       0x82 build/kernel.o
 .debug_info    0x0000000000002e2f      0x283 build/task.o
 .debug_info    0x00000000000030b2       0x26 /usr/lib/gcc/arm-none-eabi/10.3.1/libgcc.a(_udivsi3.o)
 .debug_info    0x00000000000030d8       0x26 /usr/lib/gcc/arm-none-eabi/10.3.1/libgcc.a(_dvmd_tls.o)

.debug_abbrev   0x0000000000000000      0xa72
 .debug_abbrev  0x0000000000000000       0x14 build/Entry.os
 .debug_abbrev  0x0000000000000014       0x5e build/Handler.o
 .debug_abbrev  0x0000000000000072       0xd5 build/main.o
 .debug_abbrev  0x0000000000000147      0x19c build/Interrupt.o
 .debug_abbrev  0x00000000000002e3      0x11a build/Regs.o
 .debug_abbrev  0x00000000000003fd      0x132 build/Timer.o
 .debug_abbrev  0x000000000000052f      0x19b build/Uart.o
 .debug_abbrev  0x00000000000006ca       0x2e build/armcpu.o
 .debug_abbrev  0x00000000000006f8      0x131 build/stdio.o
 .debug_abbrev  0x0000000000000829       0x75 build/stdlib.o
 .debug_abbrev  0x000000000000089e       0x44 build/kernel.o
 .debug_abbrev  0x00000000000008e2      0x168 build/task.o
 .debug_abbrev  0x0000000000000a4a       0x14 /usr/lib/gcc/arm-none-eabi/10.3.1/libgcc.a(_udivsi3.o)
 .debug_abbrev  0x0000000000000a5e       0x14 /usr/lib/gcc/arm-none-eabi/10.3.1/libgcc.a(_dvmd_tls.o)

.debug_aranges  0x0000000000000000      0x1b8
 .debug_aranges
                0x0000000000000000       0x20 build/Entry.os
 .debug_aranges
                0x0000000000000020       0x20 build/Handler.o
 .debug_aranges
                0x0000000000000040       0x20 build/main.o
 .debug_aranges
                0x0000000000000060       0x20 build/Interrupt.o
 .debug_aranges
                0x0000000000000080       0x18 build/Regs.o
 .debug_aranges
                0x0000000000000098       0x20 build/Timer.o
 .debug_aranges
                0x00000000000000b8       0x20 build/Uart.o
 .debug_aranges
                0x00000000000000d8       0x20 build/armcpu.o
 .debug_aranges
                0x00000000000000f8       0x20 build/stdio.o
 .debug_aranges
                0x0000000000000118       0x20 build/stdlib.o
 .debug_aranges
                0x0000000000000138       0x20 build/kernel.o
 .debug_aranges
                0x0000000000000158       0x20 build/task.o
 .debug_aranges
                0x0000000000000178       0x20 /usr/lib/gcc/arm-none-eabi/10.3.1/libgcc.a(_udivsi3.o)
 .debug_aranges
                0x0000000000000198       0x20 /usr/lib/gcc/arm-none-eabi/10.3.1/libgcc.a(_dvmd_tls.o)

.debug_str      0x0000000000000000      0xbb6
 .debug_str     0x0000000000000000       0x37 build/Entry.os
 .debug_str     0x0000000000000037       0xed build/Handler.o
                                        0x124 (size before relaxing)
 .debug_str     0x0000000000000124       0x99 build/main.o
                                        0x19b (size before relaxing)
 .debug_str     0x00000000000001bd      0x2b3 build/Interrupt.o
                                        0x3c8 (size before relaxing)
 .debug_str     0x0000000000000470      0x3b4 build/Regs.o
                                        0x6b9 (size before relaxing)
 .debug_str     0x0000000000000824       0x6e build/Timer.o
                                        0x26a (size before relaxing)
 .debug_str     0x0000000000000892       0x4f build/Uart.o
                                        0x459 (size before relaxing)
 .debug_str     0x00000000000008e1       0x3b build/armcpu.o
                                         0xcf (size before relaxing)
 .debug_str     0x000000000000091c       0x72 build/stdio.o
                                        0x192 (size before relaxing)
 .debug_str     0x000000000000098e       0x18 build/stdlib.o
                                        0x11e (size before relaxing)
 .debug_str     0x00000000000009a6       0x2a build/kernel.o
                                        0x127 (size before relaxing)
 .debug_str     0x00000000000009d0      0x159 build/task.o
                                        0x267 (size before relaxing)
 .debug_str     0x0000000000000b29       0x8d /usr/lib/gcc/arm-none-eabi/10.3.1/libgcc.a(_udivsi3.o)
 .debug_str     0x0000000000000bb6       0x8d /usr/lib/gcc/arm-none-eabi/10.3.1/libgcc.a(_dvmd_tls.o)

.debug_frame    0x0000000000000000      0x5a0
 .debug_frame   0x0000000000000000       0x50 build/Handler.o
 .debug_frame   0x0000000000000050       0xfc build/main.o
 .debug_frame   0x000000000000014c       0xb0 build/Interrupt.o
 .debug_frame   0x00000000000001fc       0x70 build/Timer.o
 .debug_frame   0x000000000000026c       0x8c build/Uart.o
 .debug_frame   0x00000000000002f8       0x90 build/armcpu.o
 .debug_frame   0x0000000000000388       0xac build/stdio.o
 .debug_frame   0x0000000000000434       0x30 build/stdlib.o
 .debug_frame   0x0000000000000464       0x48 build/kernel.o
 .debug_frame   0x00000000000004ac       0xd4 build/task.o
 .debug_frame   0x0000000000000580       0x20 /usr/lib/gcc/arm-none-eabi/10.3.1/libgcc.a(_udivsi3.o)
