Archive member included to satisfy reference by file (symbol)

/usr/lib/gcc/arm-none-eabi/10.3.1/libgcc.a(_udivsi3.o)
                              build/stdio.o (__aeabi_uidiv)
/usr/lib/gcc/arm-none-eabi/10.3.1/libgcc.a(_dvmd_tls.o)
                              /usr/lib/gcc/arm-none-eabi/10.3.1/libgcc.a(_udivsi3.o) (__aeabi_idiv0)

Memory Configuration

Name             Origin             Length             Attributes
*default*        0x0000000000000000 0xffffffffffffffff

Linker script and memory map

LOAD build/Entry.os
LOAD build/Handler.o
LOAD build/main.o
LOAD build/Interrupt.o
LOAD build/Regs.o
LOAD build/Timer.o
LOAD build/Uart.o
LOAD build/armcpu.o
LOAD build/stdio.o
LOAD build/stdlib.o
LOAD /usr/lib/gcc/arm-none-eabi/10.3.1/libgcc.a
                0x0000000000000000                . = 0x0

.text           0x0000000000000000     0x10d4
 *(vector_start)
 *(.text .rodata)
 .text          0x0000000000000000       0xd4 build/Entry.os
                0x0000000000000000                vector_start
                0x000000000000003c                vector_end
 .text          0x00000000000000d4       0x24 build/Handler.o
                0x00000000000000d4                Irq_Handler
                0x00000000000000f0                Fiq_Handler
 .text          0x00000000000000f8      0x1b0 build/main.o
                0x00000000000000f8                main
 .rodata        0x00000000000002a8      0x110 build/main.o
 .text          0x00000000000003b8      0x2f8 build/Interrupt.o
                0x00000000000003b8                Hal_interrupt_init
                0x0000000000000454                Hal_interrupt_enable
                0x0000000000000520                Hal_interrupt_disable
                0x00000000000005f4                Hal_interrupt_register_handler
                0x000000000000062c                Hal_interrupt_run_handler
 .text          0x00000000000006b0        0x0 build/Regs.o
 .text          0x00000000000006b0      0x210 build/Timer.o
                0x00000000000006b0                Hal_timer_init
                0x000000000000089c                Hal_timer_get_1ms_counter
 .text          0x00000000000008c0      0x1b4 build/Uart.o
                0x00000000000008f0                Hal_uart_init
                0x0000000000000990                Hal_uart_put_char
                0x00000000000009ec                Hal_uart_get_char
 .text          0x0000000000000a74       0xb0 build/armcpu.o
                0x0000000000000a74                enable_irq
                0x0000000000000aa0                enable_fiq
                0x0000000000000acc                disable_irq
                0x0000000000000af8                disable_fiq
 .text          0x0000000000000b24      0x444 build/stdio.o
                0x0000000000000b24                putstr
                0x0000000000000b84                debug_printf
                0x0000000000000bd4                vsprintf
                0x0000000000000e54                utoa
 .rodata        0x0000000000000f68        0x7 build/stdio.o
 *fill*         0x0000000000000f6f        0x1 
 .text          0x0000000000000f70       0x4c build/stdlib.o
                0x0000000000000f70                delay
 .text          0x0000000000000fbc      0x114 /usr/lib/gcc/arm-none-eabi/10.3.1/libgcc.a(_udivsi3.o)
                0x0000000000000fbc                __udivsi3
                0x0000000000000fbc                __aeabi_uidiv
                0x00000000000010b0                __aeabi_uidivmod
 .text          0x00000000000010d0        0x4 /usr/lib/gcc/arm-none-eabi/10.3.1/libgcc.a(_dvmd_tls.o)
                0x00000000000010d0                __aeabi_ldiv0
                0x00000000000010d0                __aeabi_idiv0

.glue_7         0x00000000000010d4        0x0
 .glue_7        0x00000000000010d4        0x0 linker stubs

.glue_7t        0x00000000000010d4        0x0
 .glue_7t       0x00000000000010d4        0x0 linker stubs

.vfp11_veneer   0x00000000000010d4        0x0
 .vfp11_veneer  0x00000000000010d4        0x0 linker stubs

.v4_bx          0x00000000000010d4        0x0
 .v4_bx         0x00000000000010d4        0x0 linker stubs

.iplt           0x00000000000010d4        0x0
 .iplt          0x00000000000010d4        0x0 build/Entry.os

.rel.dyn        0x00000000000010d4        0x0
 .rel.iplt      0x00000000000010d4        0x0 build/Entry.os

.data           0x00000000000010d4       0x10
 *(.data)
 .data          0x00000000000010d4        0x0 build/Entry.os
 .data          0x00000000000010d4        0x0 build/Handler.o
 .data          0x00000000000010d4        0x0 build/main.o
 .data          0x00000000000010d4        0x0 build/Interrupt.o
 .data          0x00000000000010d4       0x10 build/Regs.o
                0x00000000000010d4                Uart
                0x00000000000010d8                GicCpu
                0x00000000000010dc                GicDist
                0x00000000000010e0                Timer
 .data          0x00000000000010e4        0x0 build/Timer.o
 .data          0x00000000000010e4        0x0 build/Uart.o
 .data          0x00000000000010e4        0x0 build/armcpu.o
 .data          0x00000000000010e4        0x0 build/stdio.o
 .data          0x00000000000010e4        0x0 build/stdlib.o
 .data          0x00000000000010e4        0x0 /usr/lib/gcc/arm-none-eabi/10.3.1/libgcc.a(_udivsi3.o)
 .data          0x00000000000010e4        0x0 /usr/lib/gcc/arm-none-eabi/10.3.1/libgcc.a(_dvmd_tls.o)

.igot.plt       0x00000000000010e4        0x0
 .igot.plt      0x00000000000010e4        0x0 build/Entry.os

.bss            0x00000000000010e4      0x800
 *(.bss)
 .bss           0x00000000000010e4        0x0 build/Entry.os
 .bss           0x00000000000010e4        0x0 build/Handler.o
 .bss           0x00000000000010e4        0x0 build/main.o
 .bss           0x00000000000010e4      0x3fc build/Interrupt.o
 .bss           0x00000000000014e0        0x0 build/Regs.o
 .bss           0x00000000000014e0        0x4 build/Timer.o
 .bss           0x00000000000014e4        0x0 build/Uart.o
 .bss           0x00000000000014e4        0x0 build/armcpu.o
 .bss           0x00000000000014e4      0x400 build/stdio.o
 .bss           0x00000000000018e4        0x0 build/stdlib.o
 .bss           0x00000000000018e4        0x0 /usr/lib/gcc/arm-none-eabi/10.3.1/libgcc.a(_udivsi3.o)
 .bss           0x00000000000018e4        0x0 /usr/lib/gcc/arm-none-eabi/10.3.1/libgcc.a(_dvmd_tls.o)
OUTPUT(build/navilos.axf elf32-littlearm)
LOAD linker stubs

.ARM.attributes
                0x0000000000000000       0x2b
 .ARM.attributes
                0x0000000000000000       0x1d build/Entry.os
 .ARM.attributes
                0x000000000000001d       0x2f build/Handler.o
 .ARM.attributes
                0x000000000000004c       0x2f build/main.o
 .ARM.attributes
                0x000000000000007b       0x2f build/Interrupt.o
 .ARM.attributes
                0x00000000000000aa       0x2f build/Regs.o
 .ARM.attributes
                0x00000000000000d9       0x2f build/Timer.o
 .ARM.attributes
                0x0000000000000108       0x2f build/Uart.o
 .ARM.attributes
                0x0000000000000137       0x2f build/armcpu.o
 .ARM.attributes
                0x0000000000000166       0x2f build/stdio.o
 .ARM.attributes
                0x0000000000000195       0x2f build/stdlib.o
 .ARM.attributes
                0x00000000000001c4       0x1c /usr/lib/gcc/arm-none-eabi/10.3.1/libgcc.a(_udivsi3.o)
 .ARM.attributes
                0x00000000000001e0       0x1c /usr/lib/gcc/arm-none-eabi/10.3.1/libgcc.a(_dvmd_tls.o)

.comment        0x0000000000000000       0x33
 .comment       0x0000000000000000       0x33 build/Handler.o
                                         0x34 (size before relaxing)
 .comment       0x0000000000000033       0x34 build/main.o
 .comment       0x0000000000000033       0x34 build/Interrupt.o
 .comment       0x0000000000000033       0x34 build/Regs.o
 .comment       0x0000000000000033       0x34 build/Timer.o
 .comment       0x0000000000000033       0x34 build/Uart.o
 .comment       0x0000000000000033       0x34 build/armcpu.o
 .comment       0x0000000000000033       0x34 build/stdio.o
 .comment       0x0000000000000033       0x34 build/stdlib.o

.debug_line     0x0000000000000000      0x7d8
 .debug_line    0x0000000000000000       0x6d build/Entry.os
 .debug_line    0x000000000000006d       0x4c build/Handler.o
 .debug_line    0x00000000000000b9       0xbc build/main.o
 .debug_line    0x0000000000000175      0x11e build/Interrupt.o
 .debug_line    0x0000000000000293       0x68 build/Regs.o
 .debug_line    0x00000000000002fb       0xdc build/Timer.o
 .debug_line    0x00000000000003d7       0xe7 build/Uart.o
 .debug_line    0x00000000000004be       0x67 build/armcpu.o
 .debug_line    0x0000000000000525      0x17e build/stdio.o
 .debug_line    0x00000000000006a3       0x6a build/stdlib.o
 .debug_line    0x000000000000070d       0x74 /usr/lib/gcc/arm-none-eabi/10.3.1/libgcc.a(_udivsi3.o)
 .debug_line    0x0000000000000781       0x57 /usr/lib/gcc/arm-none-eabi/10.3.1/libgcc.a(_dvmd_tls.o)

.debug_info     0x0000000000000000     0x2d53
 .debug_info    0x0000000000000000       0x26 build/Entry.os
 .debug_info    0x0000000000000026       0x82 build/Handler.o
 .debug_info    0x00000000000000a8      0x12c build/main.o
 .debug_info    0x00000000000001d4      0x6a3 build/Interrupt.o
 .debug_info    0x0000000000000877     0x124d build/Regs.o
 .debug_info    0x0000000000001ac4      0x2c6 build/Timer.o
 .debug_info    0x0000000000001d8a      0xbc8 build/Uart.o
 .debug_info    0x0000000000002952       0x6e build/armcpu.o
 .debug_info    0x00000000000029c0      0x2ad build/stdio.o
 .debug_info    0x0000000000002c6d       0x9a build/stdlib.o
 .debug_info    0x0000000000002d07       0x26 /usr/lib/gcc/arm-none-eabi/10.3.1/libgcc.a(_udivsi3.o)
 .debug_info    0x0000000000002d2d       0x26 /usr/lib/gcc/arm-none-eabi/10.3.1/libgcc.a(_dvmd_tls.o)

.debug_abbrev   0x0000000000000000      0x8bb
 .debug_abbrev  0x0000000000000000       0x14 build/Entry.os
 .debug_abbrev  0x0000000000000014       0x5e build/Handler.o
 .debug_abbrev  0x0000000000000072       0xb0 build/main.o
 .debug_abbrev  0x0000000000000122      0x1b6 build/Interrupt.o
 .debug_abbrev  0x00000000000002d8      0x11a build/Regs.o
 .debug_abbrev  0x00000000000003f2      0x132 build/Timer.o
 .debug_abbrev  0x0000000000000524      0x19b build/Uart.o
 .debug_abbrev  0x00000000000006bf       0x2e build/armcpu.o
 .debug_abbrev  0x00000000000006ed      0x131 build/stdio.o
 .debug_abbrev  0x000000000000081e       0x75 build/stdlib.o
 .debug_abbrev  0x0000000000000893       0x14 /usr/lib/gcc/arm-none-eabi/10.3.1/libgcc.a(_udivsi3.o)
 .debug_abbrev  0x00000000000008a7       0x14 /usr/lib/gcc/arm-none-eabi/10.3.1/libgcc.a(_dvmd_tls.o)

.debug_aranges  0x0000000000000000      0x178
 .debug_aranges
                0x0000000000000000       0x20 build/Entry.os
 .debug_aranges
                0x0000000000000020       0x20 build/Handler.o
 .debug_aranges
                0x0000000000000040       0x20 build/main.o
 .debug_aranges
                0x0000000000000060       0x20 build/Interrupt.o
 .debug_aranges
                0x0000000000000080       0x18 build/Regs.o
 .debug_aranges
                0x0000000000000098       0x20 build/Timer.o
 .debug_aranges
                0x00000000000000b8       0x20 build/Uart.o
 .debug_aranges
                0x00000000000000d8       0x20 build/armcpu.o
 .debug_aranges
                0x00000000000000f8       0x20 build/stdio.o
 .debug_aranges
                0x0000000000000118       0x20 build/stdlib.o
 .debug_aranges
                0x0000000000000138       0x20 /usr/lib/gcc/arm-none-eabi/10.3.1/libgcc.a(_udivsi3.o)
 .debug_aranges
                0x0000000000000158       0x20 /usr/lib/gcc/arm-none-eabi/10.3.1/libgcc.a(_dvmd_tls.o)

.debug_str      0x0000000000000000      0x9e9
 .debug_str     0x0000000000000000       0x37 build/Entry.os
 .debug_str     0x0000000000000037       0xed build/Handler.o
                                        0x124 (size before relaxing)
 .debug_str     0x0000000000000124       0x52 build/main.o
                                        0x154 (size before relaxing)
 .debug_str     0x0000000000000176      0x2be build/Interrupt.o
                                        0x3d3 (size before relaxing)
 .debug_str     0x0000000000000434      0x3b4 build/Regs.o
                                        0x6b9 (size before relaxing)
 .debug_str     0x00000000000007e8       0x6e build/Timer.o
                                        0x26a (size before relaxing)
 .debug_str     0x0000000000000856       0x47 build/Uart.o
                                        0x459 (size before relaxing)
 .debug_str     0x000000000000089d       0x30 build/armcpu.o
                                         0xcf (size before relaxing)
 .debug_str     0x00000000000008cd       0x77 build/stdio.o
                                        0x192 (size before relaxing)
 .debug_str     0x0000000000000944       0x18 build/stdlib.o
                                        0x11e (size before relaxing)
 .debug_str     0x000000000000095c       0x8d /usr/lib/gcc/arm-none-eabi/10.3.1/libgcc.a(_udivsi3.o)
 .debug_str     0x00000000000009e9       0x8d /usr/lib/gcc/arm-none-eabi/10.3.1/libgcc.a(_dvmd_tls.o)

.debug_frame    0x0000000000000000      0x40c
 .debug_frame   0x0000000000000000       0x50 build/Handler.o
 .debug_frame   0x0000000000000050       0x84 build/main.o
 .debug_frame   0x00000000000000d4       0xb0 build/Interrupt.o
 .debug_frame   0x0000000000000184       0x70 build/Timer.o
 .debug_frame   0x00000000000001f4       0x8c build/Uart.o
 .debug_frame   0x0000000000000280       0x90 build/armcpu.o
 .debug_frame   0x0000000000000310       0xac build/stdio.o
 .debug_frame   0x00000000000003bc       0x30 build/stdlib.o
 .debug_frame   0x00000000000003ec       0x20 /usr/lib/gcc/arm-none-eabi/10.3.1/libgcc.a(_udivsi3.o)
